// Jest Snapshot v1, https://goo.gl/fbAQLP

exports[`App renders correctly 1`] = `
<DocumentFragment>
  <div
    class="nasa-app"
  >
    <img
      alt="NASA logo"
      class="nasa-app__image"
      src="https://cdn.cnn.com/cnnnext/dam/assets/200424060716-nasa-worm-logo.jpg"
    />
    <input
      class="search__input"
      type="text"
    />
  </div>
</DocumentFragment>
`;
