// Jest Snapshot v1, https://goo.gl/fbAQLP

exports[`Search renders correctly 1`] = `
<DocumentFragment>
  <div
    class="search"
  >
    <form
      class="search__form"
    >
      <input
        class="search__input"
        type="text"
      />
      <button
        class="search__button"
        type="submit"
      >
        Search
      </button>
    </form>
  </div>
</DocumentFragment>
`;
